  LDS     scripts/module.lds
  CC [M]  crypto/crypto_engine.o
  CC [M]  arch/arm64/crypto/aes-glue-neon.o
  CC [M]  fs/pstore/ram.o
  CC [M]  fs/pstore/ram_core.o
  CC [M]  crypto/dh.o
  AS [M]  arch/arm64/crypto/aes-neonbs-core.o
  CC [M]  arch/arm64/crypto/aes-neonbs-glue.o
  CC [M]  fs/ubifs/shrinker.o
  CC [M]  crypto/dh_helper.o
  LD [M]  fs/pstore/ramoops.o
  LD [M]  arch/arm64/crypto/aes-neon-blk.o
  CC [M]  fs/ubifs/journal.o
  LD [M]  arch/arm64/crypto/aes-neon-bs.o
  CC [M]  crypto/hmac.o
  CC [M]  lib/crc/crc-ccitt.o
  CC [M]  fs/fuse/trace.o
  CC [M]  lib/crypto/arc4.o
  CC [M]  crypto/md5.o
  CC [M]  fs/fuse/dev.o
  CC [M]  lib/crypto/chacha.o
  CC [M]  fs/ubifs/file.o
  CC [M]  crypto/sha1.o
  AS [M]  lib/crypto/arm64/chacha-neon-core.o
  CC [M]  lib/crypto/des.o
  CC [M]  crypto/sha512.o
  CC [M]  fs/ubifs/dir.o
  CC [M]  lib/crypto/gf128hash.o
  CC [M]  crypto/sha3.o
  CC [M]  fs/fuse/dir.o
  AS [M]  lib/crypto/arm64/ghash-neon-core.o
  CC [M]  crypto/sm3.o
  AS [M]  lib/crypto/arm64/polyval-ce-core.o
  CC [M]  lib/crypto/md5.o
  CC [M]  crypto/cbc.o
  CC [M]  fs/ubifs/super.o
  CC [M]  lib/crypto/sha512.o
  CC [M]  crypto/xts.o
  AS [M]  lib/crypto/arm64/sha512-ce-core.o
  PERLASM lib/crypto/arm64/sha512-core.S
  CC [M]  lib/crypto/sha3.o
  CC [M]  fs/fuse/file.o
  CC [M]  crypto/ctr.o
  CC [M]  fs/ubifs/sb.o
  AS [M]  lib/crypto/arm64/sha3-ce-core.o
  CC [M]  lib/crypto/sm3.o
  CC [M]  crypto/gcm.o
  CC [M]  fs/ubifs/io.o
  CC [M]  crypto/ccm.o
  CC [M]  fs/fuse/inode.o
  AS [M]  lib/crypto/arm64/sm3-ce-core.o
  AS [M]  lib/crypto/arm64/sm3-neon-core.o
  LD [M]  lib/crypto/libarc4.o
  LD [M]  lib/crypto/libchacha.o
  LD [M]  lib/crypto/libdes.o
  LD [M]  lib/crypto/libgf128hash.o
  LD [M]  lib/crypto/libmd5.o
  AS [M]  lib/crypto/arm64/sha512-core.o
  LD [M]  lib/crypto/libsha3.o
  LD [M]  lib/crypto/libsm3.o
  LD [M]  lib/crypto/libsha512.o
  CC [M]  lib/lz4/lz4_compress.o
  CC [M]  fs/ubifs/tnc.o
  CC [M]  crypto/des_generic.o
  CC [M]  crypto/aes.o
  CC [M]  fs/fuse/control.o
  CC [M]  crypto/sm4.o
  CC [M]  lib/zstd/zstd_compress_module.o
  CC [M]  crypto/sm4_generic.o
  CC [M]  fs/fuse/xattr.o
  CC [M]  fs/ubifs/master.o
  CC [M]  crypto/chacha.o
  CC [M]  lib/zstd/compress/fse_compress.o
  CC [M]  fs/fuse/acl.o
  CC [M]  lib/zstd/compress/hist.o
  CC [M]  lib/zstd/compress/huf_compress.o
  CC [M]  fs/ubifs/scan.o
  CC [M]  crypto/deflate.o
  CC [M]  fs/fuse/readdir.o
  CC [M]  crypto/authenc.o
  CC [M]  fs/ubifs/replay.o
  CC [M]  lib/zstd/compress/zstd_compress.o
  CC [M]  fs/fuse/ioctl.o
  CC [M]  crypto/authencesn.o
  CC [M]  fs/ubifs/log.o
  CC [M]  fs/fuse/iomode.o
  CC [M]  crypto/lz4.o
  CC [M]  fs/ubifs/commit.o
  CC [M]  fs/fuse/passthrough.o
  CC [M]  crypto/tcrypt.o
  CC [M]  lib/zstd/compress/zstd_compress_literals.o
  CC [M]  fs/ubifs/gc.o
  CC [M]  lib/zstd/compress/zstd_compress_sequences.o
  CC [M]  fs/fuse/backing.o
  CC [M]  lib/zstd/compress/zstd_compress_superblock.o
  CC [M]  lib/zstd/compress/zstd_double_fast.o
  CC [M]  fs/fuse/sysctl.o
  CC [M]  fs/ubifs/orphan.o
  CC [M]  crypto/af_alg.o
  CC [M]  fs/fuse/dev_uring.o
  CC [M]  fs/ubifs/budget.o
  CC [M]  fs/fuse/cuse.o
  CC [M]  crypto/algif_rng.o
  CC [M]  fs/ubifs/find.o
  CC [M]  lib/zstd/compress/zstd_fast.o
  LD [M]  fs/fuse/fuse.o
  CC [M]  drivers/irqchip/irq-bcm2712-mip.o
  CC [M]  crypto/zstd.o
  CC [M]  fs/ubifs/tnc_commit.o
  CC [M]  drivers/irqchip/irq-imx-mu-msi.o
  CC [M]  crypto/df_sp80090a.o
  LD [M]  crypto/dh_generic.o
  CC [M]  fs/ubifs/compress.o
  CC [M]  lib/zstd/compress/zstd_lazy.o
  CC [M]  drivers/irqchip/irq-pruss-intc.o
  CC [M]  fs/ubifs/lpt.o
  CC [M]  drivers/bus/imx-aipstz.o
  CC [M]  fs/ubifs/lprops.o
  CC [M]  drivers/bus/tegra-aconnect.o
  CC [M]  drivers/bus/mhi/host/init.o
  CC [M]  drivers/bus/mhi/host/main.o
  CC [M]  fs/ubifs/recovery.o
  CC [M]  fs/overlayfs/super.o
  CC [M]  drivers/bus/mhi/host/pm.o
  CC [M]  fs/ubifs/ioctl.o
  CC [M]  fs/ubifs/lpt_commit.o
  CC [M]  fs/overlayfs/namei.o
  CC [M]  drivers/bus/mhi/host/boot.o
  LD [M]  drivers/bus/mhi/host/mhi.o
  CC [M]  drivers/phy/phy-can-transceiver.o
  CC [M]  fs/overlayfs/util.o
  CC [M]  fs/ubifs/tnc_misc.o
  CC [M]  drivers/phy/phy-nxp-ptn3222.o
  CC [M]  fs/ubifs/debug.o
  CC [M]  fs/overlayfs/inode.o
  CC [M]  drivers/phy/phy-snps-eusb2.o
  CC [M]  fs/overlayfs/file.o
  CC [M]  drivers/phy/allwinner/phy-sun6i-mipi-dphy.o
  CC [M]  fs/ubifs/misc.o
  CC [M]  drivers/phy/cadence/phy-cadence-torrent.o
  CC [M]  fs/overlayfs/dir.o
  CC [M]  fs/ubifs/sysfs.o
  CC [M]  fs/ubifs/xattr.o
  CC [M]  fs/overlayfs/readdir.o
  CC [M]  drivers/phy/cadence/cdns-dphy.o
  LD [M]  fs/ubifs/ubifs.o
  CC [M]  sound/sound_core.o
  CC [M]  fs/overlayfs/copy_up.o
  LD [M]  sound/soundcore.o
  CC [M]  lib/zstd/compress/zstd_ldm.o
  CC [M]  drivers/phy/cadence/cdns-dphy-rx.o
  CC [M]  drivers/pinctrl/pinctrl-apple-gpio.o
  CC [M]  drivers/phy/cadence/phy-cadence-sierra.o
  CC [M]  fs/overlayfs/export.o
  CC [M]  drivers/pinctrl/pinctrl-da9062.o
  CC [M]  drivers/pinctrl/pinctrl-rk805.o
  CC [M]  fs/overlayfs/params.o
  CC [M]  drivers/phy/cadence/phy-cadence-salvo.o
  CC [M]  lib/zstd/compress/zstd_opt.o
  CC [M]  drivers/pinctrl/pinctrl-sx150x.o
  CC [M]  drivers/phy/freescale/phy-fsl-imx8mq-usb.o
  CC [M]  fs/overlayfs/xattrs.o
  CC [M]  drivers/pinctrl/pinctrl-tps6594.o
  LD [M]  fs/overlayfs/overlay.o
  CC [M]  drivers/phy/freescale/phy-fsl-imx8-mipi-dphy.o
  CC [M]  net/sched/act_gact.o
  CC [M]  drivers/phy/freescale/phy-fsl-samsung-hdmi.o
  CC [M]  drivers/pinctrl/qcom/pinctrl-milos-lpass-lpi.o
  CC [M]  net/sched/act_mirred.o
  CC [M]  lib/zstd/compress/zstd_preSplit.o
  CC [M]  drivers/pinctrl/qcom/pinctrl-sc7280-lpass-lpi.o
  LD [M]  lib/zstd/zstd_compress.o
  CC [M]  lib/reed_solomon/reed_solomon.o
  CC [M]  drivers/phy/mediatek/phy-mtk-dp.o
  CC [M]  drivers/pinctrl/qcom/pinctrl-sm6115-lpass-lpi.o
  CC [M]  drivers/phy/mediatek/phy-mtk-pcie.o
  CC [M]  net/sched/act_gate.o
  CC [M]  drivers/pinctrl/qcom/pinctrl-sm8250-lpass-lpi.o
  CC [M]  drivers/gpio/gpio-regmap.o
  CC [M]  drivers/pinctrl/qcom/pinctrl-sm8450-lpass-lpi.o
  CC [M]  drivers/phy/mediatek/phy-mtk-hdmi.o
  CC [M]  drivers/gpio/gpio-adp5585.o
  CC [M]  drivers/pinctrl/qcom/pinctrl-sm8550-lpass-lpi.o
  CC [M]  net/sched/sch_ingress.o
  CC [M]  drivers/phy/mediatek/phy-mtk-hdmi-mt2701.o
  CC [M]  drivers/gpio/gpio-aggregator.o
  CC [M]  drivers/pinctrl/qcom/pinctrl-sm8650-lpass-lpi.o
  CC [M]  drivers/phy/mediatek/phy-mtk-hdmi-mt8173.o
  CC [M]  drivers/pinctrl/qcom/pinctrl-sc8280xp-lpass-lpi.o
  CC [M]  net/sched/sch_mqprio.o
  CC [M]  drivers/pinctrl/qcom/pinctrl-lpass-lpi.o
  CC [M]  drivers/gpio/gpio-altera.o
  CC [M]  drivers/phy/mediatek/phy-mtk-hdmi-mt8195.o
  CC [M]  drivers/gpio/gpio-bd9571mwv.o
  CC [M]  net/sched/sch_mqprio_lib.o
  CC [M]  drivers/pwm/pwm-adp5585.o
  CC [M]  drivers/phy/mediatek/phy-mtk-mipi-dsi.o
  CC [M]  drivers/gpio/gpio-macsmc.o
  CC [M]  net/sched/sch_cbs.o
  CC [M]  drivers/pwm/pwm-apple.o
  CC [M]  drivers/gpio/gpio-max77759.o
  CC [M]  drivers/phy/mediatek/phy-mtk-mipi-dsi-mt8173.o
  CC [M]  drivers/pwm/pwm-bcm2835.o
  CC [M]  net/sched/sch_etf.o
  CC [M]  drivers/gpio/gpio-pcf857x.o
  CC [M]  drivers/pwm/pwm-brcmstb.o
  CC [M]  drivers/phy/mediatek/phy-mtk-mipi-dsi-mt8183.o
  CC [M]  drivers/pwm/pwm-cros-ec.o
  CC [M]  drivers/gpio/gpio-shared-proxy.o
  LD [M]  drivers/phy/mediatek/phy-mtk-hdmi-drv.o
  LD [M]  drivers/phy/mediatek/phy-mtk-mipi-dsi-drv.o
  CC [M]  drivers/phy/qualcomm/phy-qcom-edp.o
  CC [M]  net/sched/sch_taprio.o
  CC [M]  drivers/pwm/pwm-imx27.o
  CC [M]  drivers/gpio/gpio-sl28cpld.o
  CC [M]  drivers/phy/qualcomm/phy-qcom-m31.o
  CC [M]  drivers/pwm/pwm-mediatek.o
  CC [M]  drivers/gpio/gpio-tpic2810.o
  CC [M]  drivers/phy/qualcomm/phy-qcom-m31-eusb2.o
  CC [M]  drivers/pwm/pwm-meson.o
  CC [M]  drivers/gpio/gpio-wcd934x.o
  CC [M]  net/sched/cls_basic.o
  CC [M]  drivers/gpio/gpio-xilinx.o
  CC [M]  drivers/pwm/pwm-mtk-disp.o
  CC [M]  drivers/phy/qualcomm/phy-qcom-pcie2.o
  CC [M]  drivers/pwm/pwm-rcar.o
  CC [M]  net/sched/cls_flower.o
  CC [M]  drivers/phy/qualcomm/phy-qcom-qmp-combo.o
  CC [M]  drivers/gpio/gpio-zynq.o
  CC [M]  drivers/pwm/pwm-rzg2l-gpt.o
  CC [M]  drivers/phy/qualcomm/phy-qcom-qmp-usbc.o
  CC [M]  drivers/pwm/pwm-rz-mtu3.o
  CC [M]  drivers/leds/led-class-flash.o
  CC [M]  drivers/pwm/pwm-renesas-tpu.o
  CC [M]  drivers/leds/led-class-multicolor.o
  CC [M]  drivers/phy/qualcomm/phy-qcom-qmp-ufs.o
  CC [M]  drivers/pwm/pwm-sl28cpld.o
  CC [M]  drivers/leds/leds-cros_ec.o
  CC [M]  drivers/phy/qualcomm/phy-qcom-qmp-usb.o
  CC [M]  drivers/pwm/pwm-stm32.o
  CC [M]  drivers/leds/leds-lm3692x.o
  CC [M]  net/netfilter/nf_conntrack_core.o
  CC [M]  drivers/leds/leds-pca9532.o
  CC [M]  drivers/pwm/pwm-sun4i.o
  CC [M]  drivers/phy/qualcomm/phy-qcom-qusb2.o
  CC [M]  drivers/pwm/pwm-tegra.o
  CC [M]  drivers/leds/flash/leds-qcom-flash.o
  CC [M]  drivers/phy/qualcomm/phy-qcom-eusb2-repeater.o
  CC [M]  drivers/pwm/pwm-tiecap.o
  CC [M]  drivers/phy/qualcomm/phy-qcom-usb-hs.o
  CC [M]  net/netfilter/nf_conntrack_standalone.o
  CC [M]  drivers/leds/rgb/leds-qcom-lpg.o
  CC [M]  drivers/pwm/pwm-tiehrpwm.o
  CC [M]  drivers/phy/qualcomm/phy-qcom-usb-hs-28nm.o
  CC [M]  drivers/pwm/pwm-visconti.o
  CC [M]  net/netfilter/nf_conntrack_expect.o
  CC [M]  drivers/phy/renesas/phy-rcar-gen3-usb3.o
  CC [M]  drivers/phy/qualcomm/phy-qcom-usb-ss.o
  CC [M]  drivers/pwm/pwm-xilinx.o
  CC [M]  drivers/phy/renesas/phy-rzg3e-usb3.o
  CC [M]  net/netfilter/nf_conntrack_helper.o
  CC [M]  drivers/phy/qualcomm/phy-qcom-snps-femto-v2.o
  CC [M]  drivers/phy/rockchip/phy-rockchip-inno-dsidphy.o
  CC [M]  net/netfilter/nf_conntrack_proto.o
  CC [M]  drivers/phy/qualcomm/phy-qcom-sgmii-eth.o
  CC [M]  drivers/phy/rockchip/phy-rockchip-inno-hdmi.o
  CC [M]  net/netfilter/nf_conntrack_proto_generic.o
  CC [M]  drivers/video/backlight/apple_dwi_bl.o
  CC [M]  drivers/phy/rockchip/phy-rockchip-naneng-combphy.o
  CC [M]  net/ipv4/netfilter/nf_defrag_ipv4.o
  CC [M]  net/netfilter/nf_conntrack_proto_tcp.o
  CC [M]  drivers/video/backlight/backlight.o
  CC [M]  drivers/phy/rockchip/phy-rockchip-pcie.o
  CC [M]  drivers/video/backlight/gpio_backlight.o
  CC [M]  drivers/video/backlight/lp855x_bl.o
  CC [M]  net/netfilter/nf_conntrack_proto_udp.o
  CC [M]  drivers/phy/rockchip/phy-rockchip-samsung-hdptx.o
  CC [M]  drivers/video/backlight/pwm_bl.o
  CC [M]  drivers/phy/rockchip/phy-rockchip-usbdp.o
  CC [M]  drivers/video/backlight/qcom-wled.o
  CC [M]  net/netfilter/nf_conntrack_proto_icmp.o
  CC [M]  drivers/phy/samsung/phy-exynos5-usbdrd.o
  CC [M]  net/netfilter/nf_conntrack_extend.o
  CC [M]  drivers/char/ipmi/ipmi_msghandler.o
  CC [M]  drivers/char/ipmi/ipmi_devintf.o
  CC [M]  net/netfilter/nf_conntrack_acct.o
  CC [M]  drivers/phy/tegra/phy-tegra194-p2u.o
  CC [M]  net/netfilter/nf_conntrack_seqadj.o
  CC [M]  net/netfilter/nf_conntrack_ecache.o
  CC [M]  drivers/phy/ti/phy-omap-usb2.o
  CC [M]  drivers/phy/ti/phy-am654-serdes.o
  CC [M]  drivers/char/ipmi/ipmi_si_intf.o
  CC [M]  net/netfilter/nf_conntrack_proto_sctp.o
  CC [M]  net/netfilter/nf_log_syslog.o
  CC [M]  drivers/phy/ti/phy-j721e-wiz.o
  CC [M]  drivers/char/ipmi/ipmi_kcs_sm.o
  CC [M]  drivers/clk/clk-apple-nco.o
  CC [M]  net/netfilter/x_tables.o
  CC [M]  drivers/char/ipmi/ipmi_smic_sm.o
  CC [M]  drivers/phy/xilinx/phy-zynqmp.o
  CC [M]  drivers/clk/clk-bd718x7.o
  CC [M]  drivers/char/ipmi/ipmi_bt_sm.o
  CC [M]  net/dsa/conduit.o
  CC [M]  net/netfilter/xt_tcpudp.o
  CC [M]  drivers/clk/mediatek/clk-mt8196-mfg.o
  CC [M]  drivers/char/ipmi/ipmi_si_hotmod.o
  CC [M]  drivers/clk/mediatek/clk-mt8196-disp0.o
  CC [M]  net/dsa/devlink.o
  CC [M]  drivers/char/ipmi/ipmi_si_hardcode.o
  CC [M]  drivers/clk/mediatek/clk-mt8196-disp1.o
  CC [M]  net/netfilter/xt_mark.o
  CC [M]  drivers/clk/mediatek/clk-mt8196-vdisp_ao.o
  CC [M]  drivers/char/ipmi/ipmi_si_platform.o
  CC [M]  net/dsa/dsa.o
  CC [M]  net/netfilter/xt_LOG.o
  CC [M]  drivers/clk/mediatek/clk-mt8196-ovl0.o
  CC [M]  drivers/char/ipmi/ipmi_si_mem_io.o
  CC [M]  drivers/clk/mediatek/clk-mt8196-ovl1.o
  CC [M]  net/netfilter/xt_addrtype.o
  CC [M]  drivers/char/ipmi/ipmi_si_port_io.o
  CC [M]  drivers/clk/mediatek/clk-mt8196-vdec.o
  CC [M]  net/dsa/netlink.o
  LD [M]  drivers/char/ipmi/ipmi_si.o
  CC [M]  drivers/clk/mediatek/clk-mt8196-venc.o
  CC [M]  drivers/dma/apple-admac.o
  CC [M]  net/netfilter/xt_conntrack.o
  CC [M]  drivers/clk/meson/clk-phase.o
  CC [M]  net/dsa/port.o
  CC [M]  drivers/dma/sun6i-dma.o
  CC [M]  drivers/clk/meson/sclk-div.o
  CC [M]  net/netfilter/xt_ipvs.o
  CC [M]  drivers/clk/meson/axg-audio.o
  CC [M]  drivers/dma/imx-sdma.o
  CC [M]  net/dsa/switch.o
  CC [M]  net/netfilter/ipvs/ip_vs_conn.o
  CC [M]  drivers/clk/qcom/dispcc-eliza.o
  CC [M]  drivers/clk/qcom/tcsrcc-eliza.o
  CC [M]  drivers/dma/tegra210-adma.o
  CC [M]  net/dsa/tag.o
  CC [M]  drivers/clk/qcom/lpass-gfm-sm8250.o
  CC [M]  drivers/clk/qcom/dispcc-glymur.o
  CC [M]  drivers/dma/sh/usb-dmac.o
  CC [M]  net/netfilter/ipvs/ip_vs_core.o
  CC [M]  net/dsa/tag_8021q.o
  CC [M]  drivers/clk/qcom/tcsrcc-glymur.o
  CC [M]  drivers/dma/mediatek/mtk-uart-apdma.o
  CC [M]  drivers/clk/qcom/cambistmclkcc-kaanapali.o
  CC [M]  drivers/clk/qcom/camcc-kaanapali.o
  CC [M]  net/dsa/trace.o
  CC [M]  drivers/dma/qcom/gpi.o
  CC [M]  net/netfilter/ipvs/ip_vs_ctl.o
  CC [M]  drivers/clk/qcom/dispcc-kaanapali.o
  CC [M]  net/dsa/user.o
  CC [M]  drivers/clk/qcom/gpucc-kaanapali.o
  CC [M]  drivers/dma/stm32/stm32-dma3.o
  CC [M]  drivers/clk/qcom/gxclkctl-kaanapali.o
  CC [M]  drivers/clk/qcom/tcsrcc-kaanapali.o
  CC [M]  drivers/clk/qcom/videocc-kaanapali.o
  CC [M]  net/dsa/tag_brcm.o
  CC [M]  drivers/dma/xilinx/xilinx_dma.o
  CC [M]  net/netfilter/ipvs/ip_vs_sched.o
  CC [M]  drivers/clk/qcom/camcc-x1e80100.o
  CC [M]  drivers/clk/qcom/dispcc-x1e80100.o
  CC [M]  net/dsa/tag_none.o
  CC [M]  net/netfilter/ipvs/ip_vs_xmit.o
  CC [M]  drivers/clk/qcom/gpucc-x1e80100.o
  CC [M]  drivers/dma/xilinx/zynqmp_dma.o
  CC [M]  drivers/clk/qcom/gpucc-x1p42100.o
  CC [M]  net/dsa/tag_ocelot.o
  CC [M]  drivers/clk/qcom/gpucc-qcm2290.o
  CC [M]  drivers/dma/xilinx/xilinx_dpdma.o
  CC [M]  net/netfilter/ipvs/ip_vs_app.o
  CC [M]  net/dsa/tag_ocelot_8021q.o
  CC [M]  drivers/clk/qcom/ipq-cmn-pll.o
  CC [M]  net/netfilter/ipvs/ip_vs_sync.o
  CC [M]  drivers/clk/qcom/nsscc-ipq5424.o
  LD [M]  net/netfilter/nf_conntrack.o
  CC [M]  drivers/soc/apple/mailbox.o
  LD [M]  net/dsa/dsa_core.o
  CC [M]  net/rfkill/rfkill-gpio.o
  CC [M]  drivers/clk/qcom/nsscc-ipq9574.o
  CC [M]  drivers/soc/apple/rtkit.o
  CC [M]  drivers/clk/qcom/mmcc-msm8994.o
  CC [M]  net/netfilter/ipvs/ip_vs_est.o
  CC [M]  drivers/soc/apple/rtkit-crashlog.o
  CC [M]  drivers/clk/renesas/clk-vbattb.o
  CC [M]  drivers/clk/qcom/mmcc-msm8996.o
  CC [M]  drivers/soc/apple/sart.o
  CC [M]  drivers/clk/qcom/mmcc-msm8998.o
  CC [M]  net/netfilter/ipvs/ip_vs_proto.o
  LD [M]  drivers/soc/apple/apple-mailbox.o
  CC [M]  net/netfilter/ipvs/ip_vs_pe.o
  LD [M]  drivers/soc/apple/apple-rtkit.o
  LD [M]  drivers/soc/apple/apple-sart.o
  CC [M]  drivers/clk/qcom/dispcc-qcm2290.o
  CC [M]  drivers/soc/mediatek/mtk-cmdq-helper.o
  CC [M]  drivers/clk/qcom/dispcc-qcs615.o
  LD [M]  net/netfilter/ipvs/ip_vs.o
  CC [M]  drivers/soc/mediatek/mtk-devapc.o
  CC [M]  net/can/af_can.o
  CC [M]  net/mac80211/main.o
  CC [M]  drivers/clk/qcom/camcc-qcs615.o
  CC [M]  drivers/soc/mediatek/mtk-mmsys.o
  CC [M]  drivers/clk/qcom/gpucc-qcs615.o
  CC [M]  net/can/proc.o
  CC [M]  drivers/soc/mediatek/mtk-mutex.o
  CC [M]  drivers/clk/qcom/videocc-qcs615.o
  CC [M]  drivers/soc/mediatek/mtk-svs.o
  CC [M]  net/mac80211/status.o
  CC [M]  net/can/raw.o
  CC [M]  drivers/clk/qcom/camcc-sc7280.o
  CC [M]  drivers/clk/qcom/camcc-sc8280xp.o
  CC [M]  net/can/bcm.o
  CC [M]  drivers/clk/qcom/dispcc-sc7280.o
  CC [M]  net/mac80211/driver-ops.o
  CC [M]  drivers/soc/amlogic/meson-canvas.o
  CC [M]  drivers/clk/qcom/dispcc-sc8280xp.o
  CC [M]  drivers/soc/qcom/mdt_loader.o
  CC [M]  drivers/clk/qcom/camcc-sa8775p.o
  CC [M]  net/mac80211/sta_info.o
  CC [M]  drivers/soc/qcom/ocmem.o
  CC [M]  net/can/gw.o
  CC [M]  drivers/clk/qcom/dispcc0-sa8775p.o
  CC [M]  drivers/soc/qcom/qcom_pd_mapper.o
  CC [M]  drivers/clk/qcom/dispcc1-sa8775p.o
  CC [M]  drivers/soc/qcom/pdr_interface.o
  CC [M]  drivers/clk/qcom/gpucc-sa8775p.o
  LD [M]  net/can/can.o
  LD [M]  net/can/can-raw.o
  LD [M]  net/can/can-bcm.o
  LD [M]  net/can/can-gw.o
  CC [M]  drivers/soc/qcom/qcom_pdr_msg.o
  CC [M]  drivers/clk/samsung/clk-acpm.o
  CC [M]  drivers/soc/qcom/qmi_encdec.o
  CC [M]  drivers/clk/qcom/videocc-sa8775p.o
  CC [M]  net/mac80211/wep.o
  CC [M]  net/nfc/core.o
  CC [M]  drivers/clk/qcom/gpucc-sc7280.o
  CC [M]  drivers/soc/qcom/qmi_interface.o
  CC [M]  drivers/clk/qcom/gpucc-sc8280xp.o
  CC [M]  net/mac80211/aead_api.o
  CC [M]  net/nfc/netlink.o
  CC [M]  drivers/soc/qcom/rmtfs_mem.o
  CC [M]  drivers/clk/qcom/lpasscc-sc8280xp.o
  CC [M]  net/mac80211/wpa.o
  CC [M]  drivers/clk/qcom/lpasscorecc-sc7280.o
  CC [M]  drivers/soc/qcom/socinfo.o
  CC [M]  drivers/clk/qcom/lpassaudiocc-sc7280.o
  CC [M]  drivers/soc/qcom/spm.o
  CC [M]  net/nfc/af_nfc.o
  CC [M]  net/mac80211/scan.o
  CC [M]  drivers/clk/qcom/videocc-sc7280.o
  CC [M]  drivers/soc/qcom/qcom_stats.o
  CC [M]  drivers/clk/qcom/camcc-sdm845.o
  CC [M]  net/nfc/rawsock.o
  CC [M]  drivers/soc/qcom/wcnss_ctrl.o
  CC [M]  drivers/clk/qcom/lpasscc-sdm845.o
  CC [M]  net/mac80211/offchannel.o
  CC [M]  drivers/soc/qcom/apr.o
  CC [M]  net/nfc/llcp_core.o
  CC [M]  drivers/clk/qcom/camcc-sm6350.o
  CC [M]  drivers/clk/qcom/camcc-sm8250.o
  CC [M]  drivers/soc/qcom/llcc-qcom.o
  CC [M]  drivers/clk/qcom/camcc-sm8550.o
  CC [M]  net/mac80211/ht.o
  CC [M]  drivers/soc/qcom/icc-bwmon.o
  CC [M]  net/nfc/llcp_commands.o
  CC [M]  drivers/clk/qcom/camcc-sm8650.o
  CC [M]  drivers/soc/qcom/ice.o
  CC [M]  drivers/clk/qcom/cambistmclkcc-sm8750.o
  CC [M]  net/mac80211/agg-tx.o
  CC [M]  net/nfc/llcp_sock.o
  CC [M]  drivers/clk/qcom/camcc-sm8750.o
  CC [M]  drivers/soc/qcom/qcom-pbs.o
  CC [M]  drivers/clk/qcom/camcc-milos.o
  LD [M]  drivers/soc/qcom/qmi_helpers.o
  LD [M]  drivers/soc/qcom/qcom_ice.o
  CC [M]  net/mac80211/agg-rx.o
  CC [M]  drivers/soc/ti/pruss.o
  CC [M]  net/nfc/nci/core.o
  CC [M]  drivers/clk/qcom/dispcc-sm6115.o
  CC [M]  net/mac80211/vht.o
  CC [M]  drivers/clk/qcom/dispcc-sm6350.o
  CC [M]  net/nfc/nci/data.o
  CC [M]  drivers/clk/qcom/dispcc-sm8450.o
  LD [M]  net/nfc/nfc.o
  CC [M]  net/hsr/hsr_main.o
  CC [M]  drivers/clk/qcom/dispcc-sm8550.o
  CC [M]  net/mac80211/he.o
  CC [M]  net/nfc/nci/lib.o
  CC [M]  drivers/clk/qcom/dispcc-sm8750.o
  CC [M]  net/nfc/nci/ntf.o
  CC [M]  net/hsr/hsr_framereg.o
  CC [M]  net/mac80211/s1g.o
  CC [M]  drivers/clk/qcom/dispcc-milos.o
make[5]: *** [scripts/Makefile.build:289: drivers/clk/qcom/dispcc-milos.o] Terminated
make[4]: *** [scripts/Makefile.build:548: drivers/clk/qcom] Terminated
make[3]: *** [scripts/Makefile.build:548: drivers/clk] Terminated
make[2]: *** [scripts/Makefile.build:548: drivers] Terminated
make[4]: *** [scripts/Makefile.build:289: net/hsr/hsr_framereg.o] Terminated
make[3]: *** [scripts/Makefile.build:548: net/hsr] Terminated
make[5]: *** [scripts/Makefile.build:289: net/nfc/nci/ntf.o] Terminated
make[4]: *** [scripts/Makefile.build:548: net/nfc/nci] Terminated
make[3]: *** [scripts/Makefile.build:548: net/nfc] Terminated
make[4]: *** [scripts/Makefile.build:289: net/mac80211/s1g.o] Terminated
make[3]: *** [scripts/Makefile.build:548: net/mac80211] Terminated
make[2]: *** [scripts/Makefile.build:548: net] Terminated
make[1]: *** [/AstrBot/data/workspaces/default_FriendMessage_17025B6CDA64ED7A18C4AC5053B2B105/linux-7.1.9/Makefile:2165: .] Terminated
make: *** [Makefile:248: __sub-make] Terminated
